ok - Pi extension reports external healthy watcher output
ok - Pi custom tool exposes repair-only metadata and returns automatic-continuation guidance
ok - Pi redundant tool call returns ownership guidance and spawns no second child
ok - Pi scheduled retry remains extension-owned after another tool call
ok - Pi actionable close starts one successor before wake delivery settles
ok - Pi hung successor falls back to one typed actionable wake
ok - Pi unretired successor falls back without an overlapping retry
ok - Pi late unretired closes resume classified supervision
ok - Pi clean empty close triggers a bounded continuity retry
ok - Pi established clean closes stop at the configured retry limit
ok - Pi close handler verifies session-lock ownership before successor launch
ok - Pi watcher arm distinguishes all session lock ownership states
ok - Pi session transitions use a generation owner across /new /resume /fork, stale callbacks, and quit
ok - Pi process-exit cleanup listener remains singular across session replacement
ok - Pi process-exit cleanup stops the attached arm child
ok - OpenCode plugins have an explicit ESM boundary even under a typeless parent package
ok - OpenCode watcher plugin uses the effective FM_HOME state
ok - OpenCode watcher plugin sources the effective config
--- output ---
file:///home/joliv/.no-mistakes/worktrees/fc9915001958/01M0DK5YFW9RYBPHARK8YE2V4J/[eval1]:27
      const timer = setTimeout(() => reject(new Error(`${label} never settled`)), 20000);
                                            ^

Error: the reacquired-lock arm attempt never settled
    at Timeout._onTimeout (file:///home/joliv/.no-mistakes/worktrees/fc9915001958/01M0DK5YFW9RYBPHARK8YE2V4J/[eval1]:27:45)
    at listOnTimeout (node:internal/timers:585:17)
    at process.processTimers (node:internal/timers:521:7)

Node.js v22.23.2
not ok - OpenCode watch plugin must arm only when this session owns the fleet lock: expected exit 0, got 1
exit=1
