ok - operational input: every current generic envelope retains its exact structured kind
ok - operational input: the established from-firstmate carrier remains structurally typed and byte-compatible
ok - operational input: untyped landed FIRSTMATE_OP transcripts are explicit legacy-operational input
ok - operational input: historical prose compatibility is isolated from current parsing
ok - operational input: quoted, ASCII-only, arbitrary-U+2063, altered-legacy, and label-only near misses stay genuine
ok - operational input: the OpenCode adapter constructs through the canonical owner
not ok - OpenCode adapter host died (exit 1) when the encoder exited before reading the body: node:events:497
      throw er; // Unhandled 'error' event
      ^

Error: write EPIPE
    at afterWriteDispatched (node:internal/stream_base_commons:159:15)
    at writeGeneric (node:internal/stream_base_commons:150:3)
    at Socket._writeGeneric (node:net:967:11)
    at Socket._write (node:net:979:8)
    at writeOrBuffer (node:internal/streams/writable:572:12)
    at _write (node:internal/streams/writable:501:10)
    at Writable.end (node:internal/streams/writable:823:17)
    at Socket.end (node:net:738:31)
    at file:///home/joliv/.no-mistakes/worktrees/fc9915001958/01M0DK5YFW9RYBPHARK8YE2V4J/.opencode/plugins/lib/fm-operational-input.js:40:17
    at new Promise (<anonymous>)
Emitted 'error' event on Socket instance at:
    at emitErrorNT (node:internal/streams/destroy:170:8)
    at emitErrorCloseNT (node:internal/streams/destroy:129:3)
    at process.processTicksAndRejections (node:internal/process/task_queues:89:21) {
  errno: -32,
  code: 'EPIPE',
  syscall: 'write'
}

Node.js v22.23.2
exit=1
