@1
ok - real tmux: fm_backend_tmux_create_task creates a window and refuses a duplicate
ok - real tmux: fm_backend_tmux_send_text_line sends literal text and submits with Enter
ok - real tmux: fm_backend_tmux_send_literal + fm_backend_tmux_send_key Enter submit as two separate steps
ok - real tmux: fm_backend_tmux_capture's -S -N bound trims old history for a small window and reaches it for a large one
ok - real tmux: fm_backend_tmux_resolve_bare_selector (list-live) finds the created window by name
ok - real tmux: fm_backend_tmux_resolve_bare_selector fails for a window that does not exist
not ok - fm_backend_target_exists reported a nonexistent session:window as existing when run from inside a live tmux client
tag-line-15
tag-line-16
tag-line-17
tag-line-18
tag-line-19
tag-line-20
tag-line-21
tag-line-22
tag-line-23
tag-line-24
tag-line-25
tag-line-26
tag-line-27
tag-line-28
tag-line-29
tag-line-30
tag-line-31
tag-line-32
tag-line-33
tag-line-34
tag-line-35
tag-line-36
tag-line-37
tag-line-38
tag-line-39
tag-line-40
tag-line-41
tag-line-42
tag-line-43
tag-line-44
tag-line-45
tag-line-46
tag-line-47
tag-line-48
tag-line-49
tag-line-50
tag-line-51
tag-line-52
tag-line-53
tag-line-54
tag-line-55
tag-line-56
tag-line-57
tag-line-58
tag-line-59
tag-line-60
tag-line-61
tag-line-62
tag-line-63
tag-line-64
tag-line-65
tag-line-66
tag-line-67
tag-line-68
tag-line-69
tag-line-70
tag-line-71
tag-line-72
tag-line-73
tag-line-74
tag-line-75
tag-line-76
tag-line-77
tag-line-78
tag-line-79
tag-line-80
smoke$ export PATH="/tmp/fm-backend-smoke.Sg91UR:$PATH" && . "/tmp/fm-prefix/bin/fm-backend.sh" && if fm_backend_target_exists tmux nosuchsession:nosuchwindow; then printf 'LIVENESS-RESULT:%s\n' EXIST
S; else printf 'LIVENESS-RESULT:%s\n' MISSING; fi
LIVENESS-RESULT:EXISTS
smoke$
