FM_TEST_BEGIN 2026-09-08T12:08:12Z tests/fm-continuity-deadman.test.sh family=watcher-wake-lock expected_gate_skip=none
ok - a silent supervision chain becomes one durable wake, one episode record, and an active alert
ok - an open episode appends one wake and alerts once per interval, not once per tick
ok - away mode keeps the deadman inert, so only one process ever injects into the pane
ok - ordinary Stop-owned recovery already under way keeps the deadman out of the way
ok - a live identity-matched watcher with a fresh beat is healthy and never alarms
ok - a home with nothing in flight is not an outage
ok - a delivered rewake that no turn ever handled is a trigger on its own, even behind a live watcher
ok - self-recovery sends exactly one turn-end-guard input into firstmate's pane per backoff window
ok - an unconfirmed submit is recorded and still spends its backoff window rather than retyping
ok - self-recovery defers to a running turn and keeps the open episode's record
ok - a six-minute handling turn with the pane mid-turn is not an outage
ok - an idle pane after a dead rewake turn still alarms, records, and self-recovers
ok - self-recovery refuses any pane whose composer is not positively proven empty
ok - recovery closes the episode and stops the injections
ok - ensure starts exactly one deadman, detached from its starter's process group, and stop retires it
ok - a real arm starts this home's deadman outside its own process group and a later arm keeps the same one
ok - the deadman retires itself when the session that owned its home is gone
ok - a deadman retires when a different session takes over its home, so the next arm starts one from that session
ok - ensure resolves firstmate's harness from its own ancestry and hands it to the detached deadman, so a mid-turn pane still reads busy there
ok - ensure retires a deadman started under a superseded session and starts one for the current session at once
ok - stop lands immediately even when the deadman is deep inside a production-length tick, and releases its lock completely
ok - a linked task worktree never starts a deadman
ok - a handling turn's drain retires the delivered-rewake marker
FM_TEST_END 2026-09-08T12:08:33Z tests/fm-continuity-deadman.test.sh exit=0 duration_ms=21137 gate_skip=false
FM_TEST_BEGIN 2026-09-08T12:08:33Z tests/fm-bootstrap.test.sh family=session-bootstrap expected_gate_skip=none
fatal: not a git repository (or any of the parent directories): .git
fatal: not a git repository (or any of the parent directories): .git
fatal: not a git repository (or any of the parent directories): .git
fatal: not a git repository (or any of the parent directories): .git
fatal: not a git repository (or any of the parent directories): .git
fatal: not a git repository (or any of the parent directories): .git
fatal: not a git repository (or any of the parent directories): .git
fatal: not a git repository (or any of the parent directories): .git
fatal: not a git repository (or any of the parent directories): .git
fatal: not a git repository (or any of the parent directories): .git
fatal: not a git repository (or any of the parent directories): .git
fatal: not a git repository (or any of the parent directories): .git
fatal: not a git repository (or any of the parent directories): .git
fatal: not a git repository (or any of the parent directories): .git
fatal: not a git repository (or any of the parent directories): .git
fatal: not a git repository (or any of the parent directories): .git
fatal: not a git repository (or any of the parent directories): .git
fatal: not a git repository (or any of the parent directories): .git
fatal: not a git repository (or any of the parent directories): .git
fatal: not a git repository (or any of the parent directories): .git
ok - bootstrap reports treehouse lease + tasks-axi/quota-axi bootstrap contracts
fatal: not a git repository (or any of the parent directories): .git
fatal: not a git repository (or any of the parent directories): .git
fatal: not a git repository (or any of the parent directories): .git
fatal: not a git repository (or any of the parent directories): .git
fatal: not a git repository (or any of the parent directories): .git
fatal: not a git repository (or any of the parent directories): .git
fatal: not a git repository (or any of the parent directories): .git
fatal: not a git repository (or any of the parent directories): .git
fatal: not a git repository (or any of the parent directories): .git
fatal: not a git repository (or any of the parent directories): .git
ok - bootstrap enforces no-mistakes minimum version
fatal: not a git repository (or any of the parent directories): .git
fatal: not a git repository (or any of the parent directories): .git
fatal: not a git repository (or any of the parent directories): .git
fatal: not a git repository (or any of the parent directories): .git
fatal: not a git repository (or any of the parent directories): .git
fatal: not a git repository (or any of the parent directories): .git
fatal: not a git repository (or any of the parent directories): .git
fatal: not a git repository (or any of the parent directories): .git
fatal: not a git repository (or any of the parent directories): .git
fatal: not a git repository (or any of the parent directories): .git
fatal: not a git repository (or any of the parent directories): .git
fatal: not a git repository (or any of the parent directories): .git
fatal: not a git repository (or any of the parent directories): .git
fatal: not a git repository (or any of the parent directories): .git
ok - bootstrap enforces gh-axi minimum version
fatal: not a git repository (or any of the parent directories): .git
fatal: not a git repository (or any of the parent directories): .git
fatal: not a git repository (or any of the parent directories): .git
fatal: not a git repository (or any of the parent directories): .git
fatal: not a git repository (or any of the parent directories): .git
fatal: not a git repository (or any of the parent directories): .git
fatal: not a git repository (or any of the parent directories): .git
fatal: not a git repository (or any of the parent directories): .git
fatal: not a git repository (or any of the parent directories): .git
fatal: not a git repository (or any of the parent directories): .git
fatal: not a git repository (or any of the parent directories): .git
fatal: not a git repository (or any of the parent directories): .git
fatal: not a git repository (or any of the parent directories): .git
fatal: not a git repository (or any of the parent directories): .git
ok - bootstrap enforces lavish-axi minimum version
fatal: not a git repository (or any of the parent directories): .git
fatal: not a git repository (or any of the parent directories): .git
fatal: not a git repository (or any of the parent directories): .git
fatal: not a git repository (or any of the parent directories): .git
fatal: not a git repository (or any of the parent directories): .git
fatal: not a git repository (or any of the parent directories): .git
fatal: not a git repository (or any of the parent directories): .git
fatal: not a git repository (or any of the parent directories): .git
fatal: not a git repository (or any of the parent directories): .git
fatal: not a git repository (or any of the parent directories): .git
fatal: not a git repository (or any of the parent directories): .git
fatal: not a git repository (or any of the parent directories): .git
fatal: not a git repository (or any of the parent directories): .git
fatal: not a git repository (or any of the parent directories): .git
fatal: not a git repository (or any of the parent directories): .git
fatal: not a git repository (or any of the parent directories): .git
fatal: not a git repository (or any of the parent directories): .git
fatal: not a git repository (or any of the parent directories): .git
ok - bootstrap enforces tasks-axi minimum version
fatal: not a git repository (or any of the parent directories): .git
fatal: not a git repository (or any of the parent directories): .git
fatal: not a git repository (or any of the parent directories): .git
fatal: not a git repository (or any of the parent directories): .git
fatal: not a git repository (or any of the parent directories): .git
fatal: not a git repository (or any of the parent directories): .git
fatal: not a git repository (or any of the parent directories): .git
fatal: not a git repository (or any of the parent directories): .git
fatal: not a git repository (or any of the parent directories): .git
fatal: not a git repository (or any of the parent directories): .git
fatal: not a git repository (or any of the parent directories): .git
fatal: not a git repository (or any of the parent directories): .git
fatal: not a git repository (or any of the parent directories): .git
fatal: not a git repository (or any of the parent directories): .git
ok - bootstrap enforces quota-axi minimum version
ok - bootstrap requires git with an install instruction
fatal: not a git repository (or any of the parent directories): .git
fatal: not a git repository (or any of the parent directories): .git
fatal: not a git repository (or any of the parent directories): .git
fatal: not a git repository (or any of the parent directories): .git
ok - bootstrap: backend=orca gates the Orca CLI without requiring it on the default backend
fatal: not a git repository (or any of the parent directories): .git
fatal: not a git repository (or any of the parent directories): .git
fatal: not a git repository (or any of the parent directories): .git
fatal: not a git repository (or any of the parent directories): .git
fatal: not a git repository (or any of the parent directories): .git
fatal: not a git repository (or any of the parent directories): .git
ok - bootstrap: session-provider backends require their own CLI + jq + treehouse, never tmux
fatal: not a git repository (or any of the parent directories): .git
fatal: not a git repository (or any of the parent directories): .git
fatal: not a git repository (or any of the parent directories): .git
fatal: not a git repository (or any of the parent directories): .git
fatal: not a git repository (or any of the parent directories): .git
fatal: not a git repository (or any of the parent directories): .git
ok - bootstrap: a session-provider backend gates its own CLI, never a false tmux requirement
ok - bootstrap: Herdr manual-install guidance is never executed as a shell command
fatal: not a git repository (or any of the parent directories): .git
fatal: not a git repository (or any of the parent directories): .git
ok - bootstrap: the bundled cmux CLI satisfies the active backend dependency
fatal: not a git repository (or any of the parent directories): .git
fatal: not a git repository (or any of the parent directories): .git
ok - bootstrap: unknown resolved backends fail closed with an actionable diagnostic
fatal: not a git repository (or any of the parent directories): .git
fatal: not a git repository (or any of the parent directories): .git
fatal: not a git repository (or any of the parent directories): .git
fatal: not a git repository (or any of the parent directories): .git
fatal: not a git repository (or any of the parent directories): .git
fatal: not a git repository (or any of the parent directories): .git
ok - bootstrap: JSON-emitting backends require jq (their genuine dep), never tmux
fatal: not a git repository (or any of the parent directories): .git
fatal: not a git repository (or any of the parent directories): .git
fatal: not a git repository (or any of the parent directories): .git
fatal: not a git repository (or any of the parent directories): .git
ok - bootstrap: the treehouse lease check follows the resolved backend's worktree provider
ok - bootstrap computes a fleet-size-aware default timeout and preserves partial fleet-sync output
ok - bootstrap keeps the quick 20s default for small fleets
ok - bootstrap preserves FM_FLEET_SYNC_BOOTSTRAP_TIMEOUT as an explicit override
ok - bootstrap treats a blank timeout override as unset
ok - bootstrap computes the timeout before launching fleet sync
ok - bootstrap keeps routine tasks-axi, harness, dispatch, and already-live liveness confirmations silent
ok - bootstrap routine contract runs under system /bin/bash
ok - bootstrap starts the continuity deadman detached only when it holds the lock, never in detect-only mode
fatal: not a git repository (or any of the parent directories): .git
fatal: not a git repository (or any of the parent directories): .git
fatal: not a git repository (or any of the parent directories): .git
fatal: not a git repository (or any of the parent directories): .git
fatal: not a git repository (or any of the parent directories): .git
fatal: not a git repository (or any of the parent directories): .git
ok - bootstrap: FM_BOOTSTRAP_NETWORK partitions one run into local and network halves
ok - bootstrap: every deferred mutating sweep rechecks fleet-lock ownership
ok - bootstrap: each deferred network phase, secondmate, and clone records its own elapsed time
ok - bootstrap: a pending card link is reported on its own, with or without a pending outbox
fatal: not a git repository (or any of the parent directories): .git
fatal: not a git repository (or any of the parent directories): .git
fatal: not a git repository (or any of the parent directories): .git
fatal: not a git repository (or any of the parent directories): .git
fatal: not a git repository (or any of the parent directories): .git
fatal: not a git repository (or any of the parent directories): .git
ok - bootstrap: the tasks-axi compatibility verdict travels exactly one process hop
fatal: not a git repository (or any of the parent directories): .git
fatal: not a git repository (or any of the parent directories): .git
fatal: not a git repository (or any of the parent directories): .git
fatal: not a git repository (or any of the parent directories): .git
ok - bootstrap surfaces active crew-dispatch rules only as verbose BOOTSTRAP_INFO
fatal: not a git repository (or any of the parent directories): .git
fatal: not a git repository (or any of the parent directories): .git
fatal: not a git repository (or any of the parent directories): .git
fatal: not a git repository (or any of the parent directories): .git
fatal: not a git repository (or any of the parent directories): .git
fatal: not a git repository (or any of the parent directories): .git
fatal: not a git repository (or any of the parent directories): .git
fatal: not a git repository (or any of the parent directories): .git
fatal: not a git repository (or any of the parent directories): .git
fatal: not a git repository (or any of the parent directories): .git
fatal: not a git repository (or any of the parent directories): .git
fatal: not a git repository (or any of the parent directories): .git
fatal: not a git repository (or any of the parent directories): .git
fatal: not a git repository (or any of the parent directories): .git
fatal: not a git repository (or any of the parent directories): .git
fatal: not a git repository (or any of the parent directories): .git
fatal: not a git repository (or any of the parent directories): .git
fatal: not a git repository (or any of the parent directories): .git
fatal: not a git repository (or any of the parent directories): .git
fatal: not a git repository (or any of the parent directories): .git
fatal: not a git repository (or any of the parent directories): .git
fatal: not a git repository (or any of the parent directories): .git
fatal: not a git repository (or any of the parent directories): .git
fatal: not a git repository (or any of the parent directories): .git
fatal: not a git repository (or any of the parent directories): .git
fatal: not a git repository (or any of the parent directories): .git
fatal: not a git repository (or any of the parent directories): .git
fatal: not a git repository (or any of the parent directories): .git
fatal: not a git repository (or any of the parent directories): .git
fatal: not a git repository (or any of the parent directories): .git
fatal: not a git repository (or any of the parent directories): .git
fatal: not a git repository (or any of the parent directories): .git
fatal: not a git repository (or any of the parent directories): .git
fatal: not a git repository (or any of the parent directories): .git
fatal: not a git repository (or any of the parent directories): .git
fatal: not a git repository (or any of the parent directories): .git
fatal: not a git repository (or any of the parent directories): .git
fatal: not a git repository (or any of the parent directories): .git
fatal: not a git repository (or any of the parent directories): .git
fatal: not a git repository (or any of the parent directories): .git
fatal: not a git repository (or any of the parent directories): .git
fatal: not a git repository (or any of the parent directories): .git
fatal: not a git repository (or any of the parent directories): .git
fatal: not a git repository (or any of the parent directories): .git
fatal: not a git repository (or any of the parent directories): .git
fatal: not a git repository (or any of the parent directories): .git
fatal: not a git repository (or any of the parent directories): .git
fatal: not a git repository (or any of the parent directories): .git
fatal: not a git repository (or any of the parent directories): .git
fatal: not a git repository (or any of the parent directories): .git
fatal: not a git repository (or any of the parent directories): .git
fatal: not a git repository (or any of the parent directories): .git
fatal: not a git repository (or any of the parent directories): .git
fatal: not a git repository (or any of the parent directories): .git
fatal: not a git repository (or any of the parent directories): .git
fatal: not a git repository (or any of the parent directories): .git
ok - bootstrap validates crew-dispatch.json and reports malformed or unverified configs
FM_TEST_END 2026-09-08T12:09:04Z tests/fm-bootstrap.test.sh exit=0 duration_ms=31434 gate_skip=false
FM_TEST_SUMMARY total=2 failed=0 skipped_gate=0 duration_ms=52625
FM_TEST_SUMMARY_FAMILY family=session-bootstrap count=1 duration_ms=31434 failed=0
FM_TEST_SUMMARY_FAMILY family=watcher-wake-lock count=1 duration_ms=21137 failed=0
FM_TEST_SLOWEST rank=1 script=tests/fm-bootstrap.test.sh duration_ms=31434
FM_TEST_SLOWEST rank=2 script=tests/fm-continuity-deadman.test.sh duration_ms=21137
exit=0
