== phase: baseline-pre-fix-under-load ==
tree: /tmp/arm-repro-base
synthetic load: 160 busy-loop processes on 32 cores
load at start: 46.85 20.10 48.51
run 01/10: FAIL  assertions_ok=2
---- failing assertions (run 1) ----
3:not ok - Pi redundant tool call must remain an ownership-based no-op with repair-only guidance: expected exit 0, got 1
---- end ----
run 02/10: FAIL  assertions_ok=2
---- failing assertions (run 2) ----
3:not ok - Pi redundant tool call must remain an ownership-based no-op with repair-only guidance: expected exit 0, got 1
---- end ----
run 03/10: FAIL  assertions_ok=2
---- failing assertions (run 3) ----
3:not ok - Pi redundant tool call must remain an ownership-based no-op with repair-only guidance: expected exit 0, got 1
---- end ----
run 04/10: FAIL  assertions_ok=2
---- failing assertions (run 4) ----
3:not ok - Pi redundant tool call must remain an ownership-based no-op with repair-only guidance: expected exit 0, got 1
---- end ----
run 05/10: FAIL  assertions_ok=2
---- failing assertions (run 5) ----
3:not ok - Pi redundant tool call must remain an ownership-based no-op with repair-only guidance: expected exit 0, got 1
---- end ----
run 06/10: FAIL  assertions_ok=2
---- failing assertions (run 6) ----
3:not ok - Pi redundant tool call must remain an ownership-based no-op with repair-only guidance: expected exit 0, got 1
---- end ----
run 07/10: FAIL  assertions_ok=2
---- failing assertions (run 7) ----
3:not ok - Pi redundant tool call must remain an ownership-based no-op with repair-only guidance: expected exit 0, got 1
---- end ----
run 08/10: FAIL  assertions_ok=2
---- failing assertions (run 8) ----
3:not ok - Pi redundant tool call must remain an ownership-based no-op with repair-only guidance: expected exit 0, got 1
---- end ----
run 09/10: FAIL  assertions_ok=2
---- failing assertions (run 9) ----
3:not ok - Pi redundant tool call must remain an ownership-based no-op with repair-only guidance: expected exit 0, got 1
---- end ----
run 10/10: FAIL  assertions_ok=2
---- failing assertions (run 10) ----
3:not ok - Pi redundant tool call must remain an ownership-based no-op with repair-only guidance: expected exit 0, got 1
---- end ----
load at end: 138.19 57.64 59.22
RESULT baseline-pre-fix-under-load: 0/10 passed, 10 failed
